c:\users\symme\source\repos\phitstopulse\phitstopulse\x64\debug\vc143.pdb
c:\users\symme\source\repos\phitstopulse\phitstopulse\x64\debug\vc143.idb
c:\users\symme\source\repos\phitstopulse\phitstopulse\x64\debug\batch2pulse.obj
c:\users\symme\source\repos\phitstopulse\phitstopulse\x64\debug\phitstopulse.obj
c:\users\symme\source\repos\phitstopulse\phitstopulse\x64\debug\dump2batch.obj
c:\users\symme\source\repos\phitstopulse\phitstopulse\x64\debug\phitstopulse.ilk
c:\users\symme\source\repos\phitstopulse\x64\debug\phitstopulse.pdb
c:\users\symme\source\repos\phitstopulse\phitstopulse\x64\debug\phitstopulse.tlog\cl.command.1.tlog
c:\users\symme\source\repos\phitstopulse\phitstopulse\x64\debug\phitstopulse.tlog\cl.items.tlog
c:\users\symme\source\repos\phitstopulse\phitstopulse\x64\debug\phitstopulse.tlog\cl.read.1.tlog
c:\users\symme\source\repos\phitstopulse\phitstopulse\x64\debug\phitstopulse.tlog\cl.write.1.tlog
c:\users\symme\source\repos\phitstopulse\phitstopulse\x64\debug\phitstopulse.tlog\link.2376-cvtres.read.1.tlog
c:\users\symme\source\repos\phitstopulse\phitstopulse\x64\debug\phitstopulse.tlog\link.2376-cvtres.write.1.tlog
c:\users\symme\source\repos\phitstopulse\phitstopulse\x64\debug\phitstopulse.tlog\link.2376-rc.read.1.tlog
c:\users\symme\source\repos\phitstopulse\phitstopulse\x64\debug\phitstopulse.tlog\link.2376-rc.write.1.tlog
c:\users\symme\source\repos\phitstopulse\phitstopulse\x64\debug\phitstopulse.tlog\link.2376.read.1.tlog
c:\users\symme\source\repos\phitstopulse\phitstopulse\x64\debug\phitstopulse.tlog\link.2376.read.2.tlog
c:\users\symme\source\repos\phitstopulse\phitstopulse\x64\debug\phitstopulse.tlog\link.2376.write.1.tlog
c:\users\symme\source\repos\phitstopulse\phitstopulse\x64\debug\phitstopulse.tlog\link.command.1.tlog
c:\users\symme\source\repos\phitstopulse\phitstopulse\x64\debug\phitstopulse.tlog\link.read.1.tlog
c:\users\symme\source\repos\phitstopulse\phitstopulse\x64\debug\phitstopulse.tlog\link.secondary.1.tlog
c:\users\symme\source\repos\phitstopulse\phitstopulse\x64\debug\phitstopulse.tlog\link.write.1.tlog
